<?xml version="1.0" encoding="UTF-8"?>
<TestRun id="405eabe9-9ef6-4b00-9712-f8dcc1aeebe4" name="abuobe@WIN-GS9GMUJITS8 2012-08-01 09:31:25" runUser="WIN-GS9GMUJITS8\abuobe" xmlns="http://microsoft.com/schemas/VisualStudio/TeamTest/2010">
  <TestSettings name="Local" id="10a857c9-cd70-4194-8331-dd7150a7c3b4">
    <Description>These are default test settings for a local test run.</Description>
    <Deployment enabled="false" runDeploymentRoot="abuobe_WIN-GS9GMUJITS8 2012-08-01 09_31_25">
      <DeploymentItem filename="C:\Calculator\bin\Debug\Calculator.exe" />
    </Deployment>
    <Execution>
      <TestTypeSpecific />
      <AgentRule name="Execution Agents">
      </AgentRule>
    </Execution>
  </TestSettings>
  <Times creation="2012-08-01T09:31:25.0228488-07:00" queuing="2012-08-01T09:31:25.1063310-07:00" start="2012-08-01T09:31:25.1673560-07:00" finish="2012-08-01T09:31:25.4221964-07:00" />
  <ResultSummary outcome="Inconclusive">
    <Counters total="1" executed="1" error="0" failed="0" timeout="0" aborted="0" inconclusive="1" passedButRunAborted="0" notRunnable="0" notExecuted="0" disconnected="0" warning="0" passed="0" completed="0" inProgress="0" pending="0" />
  </ResultSummary>
  <TestDefinitions>
    <UnitTest name="fnMulTest" storage="c:\calculator\calctest\bin\debug\calctest.dll" id="557fd8f0-49f1-334f-cc60-5f63c6224654">
      <Execution id="0f048aa2-ee51-4f78-83ac-76394d8a64b4" />
      <TestMethod codeBase="C:/Calculator/CalcTest/bin/Debug/CalcTest.DLL" adapterTypeName="Microsoft.VisualStudio.TestTools.TestTypes.Unit.UnitTestAdapter, Microsoft.VisualStudio.QualityTools.Tips.UnitTest.Adapter, Version=10.0.0.0, Culture=neutral, PublicKeyToken=b03f5f7f11d50a3a" className="CalcTest.calcFunctionalityTest, CalcTest, Version=1.0.0.0, Culture=neutral, PublicKeyToken=null" name="fnMulTest" />
    </UnitTest>
  </TestDefinitions>
  <TestLists>
    <TestList name="Results Not in a List" id="8c84fa94-04c1-424b-9868-57a2d4851a1d" />
    <TestList name="All Loaded Results" id="19431567-8539-422a-85d7-44ee4e166bda" />
  </TestLists>
  <TestEntries>
    <TestEntry testId="557fd8f0-49f1-334f-cc60-5f63c6224654" executionId="0f048aa2-ee51-4f78-83ac-76394d8a64b4" testListId="8c84fa94-04c1-424b-9868-57a2d4851a1d" />
  </TestEntries>
  <Results>
    <UnitTestResult executionId="0f048aa2-ee51-4f78-83ac-76394d8a64b4" testId="557fd8f0-49f1-334f-cc60-5f63c6224654" testName="fnMulTest" computerName="WIN-GS9GMUJITS8" duration="00:00:00.0185749" startTime="2012-08-01T09:31:25.2469326-07:00" endTime="2012-08-01T09:31:25.3821640-07:00" testType="13cdc9d9-ddb5-4fa4-a97d-d965ccfc6d4b" outcome="Inconclusive" testListId="8c84fa94-04c1-424b-9868-57a2d4851a1d" relativeResultsDirectory="0f048aa2-ee51-4f78-83ac-76394d8a64b4">
      <Output>
        <ErrorInfo>
          <Message>Assert.Inconclusive failed. Verify the correctness of this test method.</Message>
          <StackTrace>   at CalcTest.calcFunctionalityTest.fnMulTest() in C:\Calculator\CalcTest\calcFunctionalityTest.cs:line 106
</StackTrace>
        </ErrorInfo>
      </Output>
    </UnitTestResult>
  </Results>
</TestRun>