<?xml version="1.0" encoding="UTF-8"?>
<TestRun id="d03e3fb3-737a-4f66-8d1e-daf43b8f16e7" name="abuobe@WIN-GS9GMUJITS8 2012-08-01 09:32:50" runUser="WIN-GS9GMUJITS8\abuobe" xmlns="http://microsoft.com/schemas/VisualStudio/TeamTest/2010">
  <TestSettings name="Local" id="10a857c9-cd70-4194-8331-dd7150a7c3b4">
    <Description>These are default test settings for a local test run.</Description>
    <Deployment enabled="false" runDeploymentRoot="abuobe_WIN-GS9GMUJITS8 2012-08-01 09_32_50">
      <DeploymentItem filename="C:\Calculator\bin\Debug\Calculator.exe" />
    </Deployment>
    <Execution>
      <TestTypeSpecific />
      <AgentRule name="Execution Agents">
      </AgentRule>
    </Execution>
  </TestSettings>
  <Times creation="2012-08-01T09:32:50.0941398-07:00" queuing="2012-08-01T09:32:50.1283138-07:00" start="2012-08-01T09:32:50.1800630-07:00" finish="2012-08-01T09:32:50.6907202-07:00" />
  <ResultSummary outcome="Warning">
    <Counters total="6" executed="6" passed="6" error="0" failed="0" timeout="0" aborted="0" inconclusive="0" passedButRunAborted="0" notRunnable="0" notExecuted="0" disconnected="0" warning="0" completed="0" inProgress="0" pending="0" />
    <RunInfos>
      <RunInfo computerName="WIN-GS9GMUJITS8" outcome="Warning" timestamp="2012-08-01T09:32:50.1278256-07:00">
        <Text>Deployment is currently disabled. The deployment item 'CalcTest\data.csv' on test 'CalcTest.calcFunctionalityTest.fnAddTest' was not deployed.</Text>
      </RunInfo>
    </RunInfos>
  </ResultSummary>
  <TestDefinitions>
    <UnitTest name="fnAddTest" storage="c:\calculator\calctest\bin\debug\calctest.dll" id="eca450a0-3ddd-c132-9392-2015fad5f390">
      <DeploymentItems>
        <DeploymentItem filename="CalcTest\data.csv" />
      </DeploymentItems>
      <Execution id="9c7eb49b-cf69-4789-9691-b86ce23cee61" />
      <TestMethod codeBase="C:/Calculator/CalcTest/bin/Debug/CalcTest.DLL" adapterTypeName="Microsoft.VisualStudio.TestTools.TestTypes.Unit.UnitTestAdapter, Microsoft.VisualStudio.QualityTools.Tips.UnitTest.Adapter, Version=10.0.0.0, Culture=neutral, PublicKeyToken=b03f5f7f11d50a3a" className="CalcTest.calcFunctionalityTest, CalcTest, Version=1.0.0.0, Culture=neutral, PublicKeyToken=null" name="fnAddTest" />
      <DataSource connectionString="|DataDirectory|\data.csv" providerInvariantName="Microsoft.VisualStudio.TestTools.DataSource.CSV" tableName="data#csv" />
    </UnitTest>
    <UnitTest name="fnSubTest" storage="c:\calculator\calctest\bin\debug\calctest.dll" id="701d39c9-120c-61d1-6663-4b36d8b7ed93">
      <Execution id="157d4c1d-c97d-4ffc-8378-8b4faeb0de62" />
      <TestMethod codeBase="C:/Calculator/CalcTest/bin/Debug/CalcTest.DLL" adapterTypeName="Microsoft.VisualStudio.TestTools.TestTypes.Unit.UnitTestAdapter, Microsoft.VisualStudio.QualityTools.Tips.UnitTest.Adapter, Version=10.0.0.0, Culture=neutral, PublicKeyToken=b03f5f7f11d50a3a" className="CalcTest.calcFunctionalityTest, CalcTest, Version=1.0.0.0, Culture=neutral, PublicKeyToken=null" name="fnSubTest" />
    </UnitTest>
    <UnitTest name="fnDivTest" storage="c:\calculator\calctest\bin\debug\calctest.dll" id="a5b8f819-348f-0273-83aa-27f380e19271">
      <Execution id="b2b6e077-3152-444c-89ac-18f7172a2511" />
      <TestMethod codeBase="C:/Calculator/CalcTest/bin/Debug/CalcTest.DLL" adapterTypeName="Microsoft.VisualStudio.TestTools.TestTypes.Unit.UnitTestAdapter, Microsoft.VisualStudio.QualityTools.Tips.UnitTest.Adapter, Version=10.0.0.0, Culture=neutral, PublicKeyToken=b03f5f7f11d50a3a" className="CalcTest.calcFunctionalityTest, CalcTest, Version=1.0.0.0, Culture=neutral, PublicKeyToken=null" name="fnDivTest" />
    </UnitTest>
    <UnitTest name="fnMulTest" storage="c:\calculator\calctest\bin\debug\calctest.dll" id="557fd8f0-49f1-334f-cc60-5f63c6224654">
      <Execution id="6ec2f4c4-35cc-4385-aa67-de8fcf14f362" />
      <TestMethod codeBase="C:/Calculator/CalcTest/bin/Debug/CalcTest.DLL" adapterTypeName="Microsoft.VisualStudio.TestTools.TestTypes.Unit.UnitTestAdapter, Microsoft.VisualStudio.QualityTools.Tips.UnitTest.Adapter, Version=10.0.0.0, Culture=neutral, PublicKeyToken=b03f5f7f11d50a3a" className="CalcTest.calcFunctionalityTest, CalcTest, Version=1.0.0.0, Culture=neutral, PublicKeyToken=null" name="fnMulTest" />
    </UnitTest>
  </TestDefinitions>
  <TestLists>
    <TestList name="Results Not in a List" id="8c84fa94-04c1-424b-9868-57a2d4851a1d" />
    <TestList name="All Loaded Results" id="19431567-8539-422a-85d7-44ee4e166bda" />
  </TestLists>
  <TestEntries>
    <TestEntry testId="eca450a0-3ddd-c132-9392-2015fad5f390" executionId="9c7eb49b-cf69-4789-9691-b86ce23cee61" testListId="8c84fa94-04c1-424b-9868-57a2d4851a1d" />
    <TestEntry testId="557fd8f0-49f1-334f-cc60-5f63c6224654" executionId="6ec2f4c4-35cc-4385-aa67-de8fcf14f362" testListId="8c84fa94-04c1-424b-9868-57a2d4851a1d" />
    <TestEntry testId="a5b8f819-348f-0273-83aa-27f380e19271" executionId="b2b6e077-3152-444c-89ac-18f7172a2511" testListId="8c84fa94-04c1-424b-9868-57a2d4851a1d" />
    <TestEntry testId="701d39c9-120c-61d1-6663-4b36d8b7ed93" executionId="157d4c1d-c97d-4ffc-8378-8b4faeb0de62" testListId="8c84fa94-04c1-424b-9868-57a2d4851a1d" />
  </TestEntries>
  <Results>
    <UnitTestResult executionId="9c7eb49b-cf69-4789-9691-b86ce23cee61" testId="eca450a0-3ddd-c132-9392-2015fad5f390" testName="fnAddTest" computerName="WIN-GS9GMUJITS8" duration="00:00:00.0927548" startTime="2012-08-01T09:32:50.3440982-07:00" endTime="2012-08-01T09:32:50.5667174-07:00" testType="13cdc9d9-ddb5-4fa4-a97d-d965ccfc6d4b" outcome="Passed" testListId="8c84fa94-04c1-424b-9868-57a2d4851a1d" relativeResultsDirectory="9c7eb49b-cf69-4789-9691-b86ce23cee61" resultType="DataDrivenTest">
      <Counters error="0" failed="0" timeout="0" aborted="0" inconclusive="0" passedButRunAborted="0" notRunnable="0" notExecuted="0" disconnected="0" warning="0" passed="2" completed="0" inProgress="0" pending="0" />
      <InnerResults>
        <UnitTestResult executionId="98cf4168-6a10-4c3c-b3b8-c02eeb1ad56c" parentExecutionId="9c7eb49b-cf69-4789-9691-b86ce23cee61" testId="eca450a0-3ddd-c132-9392-2015fad5f390" testName="fnAddTest" computerName="WIN-GS9GMUJITS8" duration="00:00:00.0137299" startTime="2012-08-01T09:32:50.5403546-07:00" endTime="2012-08-01T09:32:50.5579298-07:00" testType="13cdc9d9-ddb5-4fa4-a97d-d965ccfc6d4b" outcome="Passed" testListId="8c84fa94-04c1-424b-9868-57a2d4851a1d" relativeResultsDirectory="9c7eb49b-cf69-4789-9691-b86ce23cee61" dataRowInfo="0" resultType="DataDrivenDataRow" />
        <UnitTestResult executionId="b4dce2ec-cb11-4948-bfae-030fd0f72121" parentExecutionId="9c7eb49b-cf69-4789-9691-b86ce23cee61" testId="eca450a0-3ddd-c132-9392-2015fad5f390" testName="fnAddTest" computerName="WIN-GS9GMUJITS8" duration="00:00:00.0000346" startTime="2012-08-01T09:32:50.5579298-07:00" endTime="2012-08-01T09:32:50.5579298-07:00" testType="13cdc9d9-ddb5-4fa4-a97d-d965ccfc6d4b" outcome="Passed" testListId="8c84fa94-04c1-424b-9868-57a2d4851a1d" relativeResultsDirectory="9c7eb49b-cf69-4789-9691-b86ce23cee61" dataRowInfo="1" resultType="DataDrivenDataRow" />
      </InnerResults>
    </UnitTestResult>
    <UnitTestResult executionId="6ec2f4c4-35cc-4385-aa67-de8fcf14f362" testId="557fd8f0-49f1-334f-cc60-5f63c6224654" testName="fnMulTest" computerName="WIN-GS9GMUJITS8" duration="00:00:00.0007459" startTime="2012-08-01T09:32:50.5711112-07:00" endTime="2012-08-01T09:32:50.5745286-07:00" testType="13cdc9d9-ddb5-4fa4-a97d-d965ccfc6d4b" outcome="Passed" testListId="8c84fa94-04c1-424b-9868-57a2d4851a1d" relativeResultsDirectory="6ec2f4c4-35cc-4385-aa67-de8fcf14f362">
    </UnitTestResult>
    <UnitTestResult executionId="b2b6e077-3152-444c-89ac-18f7172a2511" testId="a5b8f819-348f-0273-83aa-27f380e19271" testName="fnDivTest" computerName="WIN-GS9GMUJITS8" duration="00:00:00.0015339" startTime="2012-08-01T09:32:50.5847808-07:00" endTime="2012-08-01T09:32:50.5886864-07:00" testType="13cdc9d9-ddb5-4fa4-a97d-d965ccfc6d4b" outcome="Passed" testListId="8c84fa94-04c1-424b-9868-57a2d4851a1d" relativeResultsDirectory="b2b6e077-3152-444c-89ac-18f7172a2511">
    </UnitTestResult>
    <UnitTestResult executionId="157d4c1d-c97d-4ffc-8378-8b4faeb0de62" testId="701d39c9-120c-61d1-6663-4b36d8b7ed93" testName="fnSubTest" computerName="WIN-GS9GMUJITS8" duration="00:00:00.0007347" startTime="2012-08-01T09:32:50.5916156-07:00" endTime="2012-08-01T09:32:50.5940566-07:00" testType="13cdc9d9-ddb5-4fa4-a97d-d965ccfc6d4b" outcome="Passed" testListId="8c84fa94-04c1-424b-9868-57a2d4851a1d" relativeResultsDirectory="157d4c1d-c97d-4ffc-8378-8b4faeb0de62">
    </UnitTestResult>
  </Results>
</TestRun>